MPLINK 4.48, Linker
Linker Map File - Created Wed Nov 19 12:02:18 2025

                                 Section Info
                  Section       Type    Address   Location Size(Bytes)
                ---------  ---------  ---------  ---------  ---------
                   .org_0       code   0x000000    program   0x000000
                   .org_1       code   0x000000    program   0x000034
      .config_2007_MAIN.O       code   0x002007    program   0x000002



                              Program Memory Usage 
                               Start         End      
                           ---------   ---------      
                            0x000000    0x000019      
                            0x002007    0x002007      
            27 out of 1093 program addresses used, program memory utilization is 2%



                              Symbols - Sorted by Name
                     Name    Address   Location    Storage File                     
                ---------  ---------  ---------  --------- ---------                
                 Delay600   0x00000f    program     static C:\Users\Ricsi\Desktop\main.asm
                    Loop1   0x000004    program     static C:\Users\Ricsi\Desktop\main.asm
                    Loop2   0x000005    program     static C:\Users\Ricsi\Desktop\main.asm
                    Wait1   0x000013    program     static C:\Users\Ricsi\Desktop\main.asm



                              Symbols - Sorted by Address
                     Name    Address   Location    Storage File                     
                ---------  ---------  ---------  --------- ---------                
                    Loop1   0x000004    program     static C:\Users\Ricsi\Desktop\main.asm
                    Loop2   0x000005    program     static C:\Users\Ricsi\Desktop\main.asm
                 Delay600   0x00000f    program     static C:\Users\Ricsi\Desktop\main.asm
                    Wait1   0x000013    program     static C:\Users\Ricsi\Desktop\main.asm


