MPLINK 4.48, Linker
Linker Map File - Created Wed Nov 05 12:00:50 2025

                                 Section Info
                  Section       Type    Address   Location Size(Bytes)
                ---------  ---------  ---------  ---------  ---------
                   .org_0       code   0x000000    program   0x000000
                   .org_1       code   0x000000    program   0x000002
                   .org_2       code   0x000004    program   0x00002a
      .config_2007_MAIN.O       code   0x002007    program   0x000002



                              Program Memory Usage 
                               Start         End      
                           ---------   ---------      
                            0x000000    0x000000      
                            0x000004    0x000018      
                            0x002007    0x002007      
            23 out of 1093 program addresses used, program memory utilization is 2%



                              Symbols - Sorted by Name
                     Name    Address   Location    Storage File                     
                ---------  ---------  ---------  --------- ---------                
                 Delay600   0x00000e    program     static C:\Users\Ricsi\Desktop\main.asm
                    Label   0x000012    program     static C:\Users\Ricsi\Desktop\main.asm
                     Loop   0x000009    program     static C:\Users\Ricsi\Desktop\main.asm
                     Main   0x000005    program     static C:\Users\Ricsi\Desktop\main.asm



                              Symbols - Sorted by Address
                     Name    Address   Location    Storage File                     
                ---------  ---------  ---------  --------- ---------                
                     Main   0x000005    program     static C:\Users\Ricsi\Desktop\main.asm
                     Loop   0x000009    program     static C:\Users\Ricsi\Desktop\main.asm
                 Delay600   0x00000e    program     static C:\Users\Ricsi\Desktop\main.asm
                    Label   0x000012    program     static C:\Users\Ricsi\Desktop\main.asm


