MPLINK 4.48, Linker
Linker Map File - Created Wed Nov 05 12:24:26 2025

                                 Section Info
                  Section       Type    Address   Location Size(Bytes)
                ---------  ---------  ---------  ---------  ---------
                   .org_0       code   0x000000    program   0x000000
                   .org_1       code   0x000000    program   0x000002
                   .org_2       code   0x000004    program   0x000030
   .config_2007_MASODIK.O       code   0x002007    program   0x000002



                              Program Memory Usage 
                               Start         End      
                           ---------   ---------      
                            0x000000    0x000000      
                            0x000004    0x00001b      
                            0x002007    0x002007      
            26 out of 1093 program addresses used, program memory utilization is 2%



                              Symbols - Sorted by Name
                     Name    Address   Location    Storage File                     
                ---------  ---------  ---------  --------- ---------                
                 Delay600   0x000011    program     static C:\Users\Ricsi\Desktop\masodik.asm
                    Label   0x000015    program     static C:\Users\Ricsi\Desktop\masodik.asm
                    Loop1   0x000008    program     static C:\Users\Ricsi\Desktop\masodik.asm
                    Loop2   0x00000a    program     static C:\Users\Ricsi\Desktop\masodik.asm
                     Main   0x000005    program     static C:\Users\Ricsi\Desktop\masodik.asm



                              Symbols - Sorted by Address
                     Name    Address   Location    Storage File                     
                ---------  ---------  ---------  --------- ---------                
                     Main   0x000005    program     static C:\Users\Ricsi\Desktop\masodik.asm
                    Loop1   0x000008    program     static C:\Users\Ricsi\Desktop\masodik.asm
                    Loop2   0x00000a    program     static C:\Users\Ricsi\Desktop\masodik.asm
                 Delay600   0x000011    program     static C:\Users\Ricsi\Desktop\masodik.asm
                    Label   0x000015    program     static C:\Users\Ricsi\Desktop\masodik.asm


